// Jest Snapshot v1, https://goo.gl/fbAQLP

exports[`searchBar renders correctly without crashing 1`] = `
ShallowWrapper {
  Symbol(enzyme.__root__): [Circular],
  Symbol(enzyme.__unrendered__): <SearchBar
    addBlankSearchError={[MockFunction]}
    clearBlankSearchError={[MockFunction]}
    history={Array []}
    searchSite={[MockFunction]}
  />,
  Symbol(enzyme.__renderer__): Object {
    "batchedUpdates": [Function],
    "checkPropTypes": [Function],
    "getNode": [Function],
    "render": [Function],
    "simulateError": [Function],
    "simulateEvent": [Function],
    "unmount": [Function],
  },
  Symbol(enzyme.__node__): Object {
    "instance": null,
    "key": undefined,
    "nodeType": "host",
    "props": Object {
      "children": <div>
        <form
          id="nav-search-bar-form"
          onSubmit={[Function]}
        >
          <input
            id="nav-search-bar"
            onChange={[Function]}
            placeholder="house or agent name"
            style={
              Object {
                "height": "40px",
                "marginRight": "120px",
                "width": "400px",
              }
            }
            type="text"
            value=""
          />
        </form>
      </div>,
    },
    "ref": null,
    "rendered": Object {
      "instance": null,
      "key": undefined,
      "nodeType": "host",
      "props": Object {
        "children": Array [
          null,
          <form
            id="nav-search-bar-form"
            onSubmit={[Function]}
          >
            <input
              id="nav-search-bar"
              onChange={[Function]}
              placeholder="house or agent name"
              style={
                Object {
                  "height": "40px",
                  "marginRight": "120px",
                  "width": "400px",
                }
              }
              type="text"
              value=""
            />
          </form>,
        ],
      },
      "ref": null,
      "rendered": Array [
        null,
        Object {
          "instance": null,
          "key": undefined,
          "nodeType": "host",
          "props": Object {
            "children": <input
              id="nav-search-bar"
              onChange={[Function]}
              placeholder="house or agent name"
              style={
                Object {
                  "height": "40px",
                  "marginRight": "120px",
                  "width": "400px",
                }
              }
              type="text"
              value=""
            />,
            "id": "nav-search-bar-form",
            "onSubmit": [Function],
          },
          "ref": null,
          "rendered": Object {
            "instance": null,
            "key": undefined,
            "nodeType": "host",
            "props": Object {
              "id": "nav-search-bar",
              "onChange": [Function],
              "placeholder": "house or agent name",
              "style": Object {
                "height": "40px",
                "marginRight": "120px",
                "width": "400px",
              },
              "type": "text",
              "value": "",
            },
            "ref": null,
            "rendered": null,
            "type": "input",
          },
          "type": "form",
        },
      ],
      "type": "div",
    },
    "type": "div",
  },
  Symbol(enzyme.__nodes__): Array [
    Object {
      "instance": null,
      "key": undefined,
      "nodeType": "host",
      "props": Object {
        "children": <div>
          <form
            id="nav-search-bar-form"
            onSubmit={[Function]}
          >
            <input
              id="nav-search-bar"
              onChange={[Function]}
              placeholder="house or agent name"
              style={
                Object {
                  "height": "40px",
                  "marginRight": "120px",
                  "width": "400px",
                }
              }
              type="text"
              value=""
            />
          </form>
        </div>,
      },
      "ref": null,
      "rendered": Object {
        "instance": null,
        "key": undefined,
        "nodeType": "host",
        "props": Object {
          "children": Array [
            null,
            <form
              id="nav-search-bar-form"
              onSubmit={[Function]}
            >
              <input
                id="nav-search-bar"
                onChange={[Function]}
                placeholder="house or agent name"
                style={
                  Object {
                    "height": "40px",
                    "marginRight": "120px",
                    "width": "400px",
                  }
                }
                type="text"
                value=""
              />
            </form>,
          ],
        },
        "ref": null,
        "rendered": Array [
          null,
          Object {
            "instance": null,
            "key": undefined,
            "nodeType": "host",
            "props": Object {
              "children": <input
                id="nav-search-bar"
                onChange={[Function]}
                placeholder="house or agent name"
                style={
                  Object {
                    "height": "40px",
                    "marginRight": "120px",
                    "width": "400px",
                  }
                }
                type="text"
                value=""
              />,
              "id": "nav-search-bar-form",
              "onSubmit": [Function],
            },
            "ref": null,
            "rendered": Object {
              "instance": null,
              "key": undefined,
              "nodeType": "host",
              "props": Object {
                "id": "nav-search-bar",
                "onChange": [Function],
                "placeholder": "house or agent name",
                "style": Object {
                  "height": "40px",
                  "marginRight": "120px",
                  "width": "400px",
                },
                "type": "text",
                "value": "",
              },
              "ref": null,
              "rendered": null,
              "type": "input",
            },
            "type": "form",
          },
        ],
        "type": "div",
      },
      "type": "div",
    },
  ],
  Symbol(enzyme.__options__): Object {
    "adapter": ReactSixteenAdapter {
      "options": Object {
        "enableComponentDidUpdateOnSetState": true,
        "legacyContextMode": "parent",
        "lifecycles": Object {
          "componentDidUpdate": Object {
            "onSetState": true,
          },
          "getChildContext": Object {
            "calledByRenderer": false,
          },
          "getDerivedStateFromProps": true,
          "getSnapshotBeforeUpdate": true,
          "setState": Object {
            "skipsComponentDidUpdateOnNullish": true,
          },
        },
      },
    },
  },
  Symbol(enzyme.__childContext__): null,
}
`;
