// Jest Snapshot v1, https://goo.gl/fbAQLP

exports[`renders without crashing 1`] = `
ShallowWrapper {
  Symbol(enzyme.__root__): [Circular],
  Symbol(enzyme.__unrendered__): <CarouselTile
    image_url="https://media.cntraveler.com/photos/580e6787e62940c66bd2be0d/master/w_820,c_limit/winchester-mystery-house-san-jose-GettyImages-110714519.jpg"
    name="Winchester Mystery House"
  />,
  Symbol(enzyme.__renderer__): Object {
    "batchedUpdates": [Function],
    "checkPropTypes": [Function],
    "getNode": [Function],
    "render": [Function],
    "simulateError": [Function],
    "simulateEvent": [Function],
    "unmount": [Function],
  },
  Symbol(enzyme.__node__): Object {
    "instance": null,
    "key": undefined,
    "nodeType": "class",
    "props": Object {
      "children": <Image
        alt="Winchester Mystery House"
        as="img"
        className=""
        style={
          Object {
            "height": "100%",
            "width": "1000px",
          }
        }
        ui={true}
      />,
      "replace": false,
      "style": Object {
        "textDecoration": "none",
      },
      "to": "/houses/undefined",
    },
    "ref": null,
    "rendered": Object {
      "instance": null,
      "key": undefined,
      "nodeType": "function",
      "props": Object {
        "alt": "Winchester Mystery House",
        "as": "img",
        "className": "",
        "onClick": undefined,
        "src": undefined,
        "style": Object {
          "height": "100%",
          "width": "1000px",
        },
        "ui": true,
      },
      "ref": null,
      "rendered": null,
      "type": [Function],
    },
    "type": [Function],
  },
  Symbol(enzyme.__nodes__): Array [
    Object {
      "instance": null,
      "key": undefined,
      "nodeType": "class",
      "props": Object {
        "children": <Image
          alt="Winchester Mystery House"
          as="img"
          className=""
          style={
            Object {
              "height": "100%",
              "width": "1000px",
            }
          }
          ui={true}
        />,
        "replace": false,
        "style": Object {
          "textDecoration": "none",
        },
        "to": "/houses/undefined",
      },
      "ref": null,
      "rendered": Object {
        "instance": null,
        "key": undefined,
        "nodeType": "function",
        "props": Object {
          "alt": "Winchester Mystery House",
          "as": "img",
          "className": "",
          "onClick": undefined,
          "src": undefined,
          "style": Object {
            "height": "100%",
            "width": "1000px",
          },
          "ui": true,
        },
        "ref": null,
        "rendered": null,
        "type": [Function],
      },
      "type": [Function],
    },
  ],
  Symbol(enzyme.__options__): Object {
    "adapter": ReactSixteenAdapter {
      "options": Object {
        "enableComponentDidUpdateOnSetState": true,
        "legacyContextMode": "parent",
        "lifecycles": Object {
          "componentDidUpdate": Object {
            "onSetState": true,
          },
          "getChildContext": Object {
            "calledByRenderer": false,
          },
          "getDerivedStateFromProps": true,
          "getSnapshotBeforeUpdate": true,
          "setState": Object {
            "skipsComponentDidUpdateOnNullish": true,
          },
        },
      },
    },
  },
}
`;
